
=== captureAt entry=12 ===
after restore: goal=explore sub=nil
re-running think with stopAt=12...
re-run done: 13 entries (wanted stop at 12)
after re-run stop: goal=capture_base sub=nil
capture done, json=ok

=== captureAt entry=13 ===
after restore: goal=explore sub=nil
re-running think with stopAt=13...
re-run done: 14 entries (wanted stop at 13)
after re-run stop: goal=capture_base sub=nil
capture done, json=ok

=== captureAt entry=12 ===
_last_info override: OK
after restore: goal=explore sub=nil
info for re-run: tick=nil tankx=40064 tanky=25728 armour=40 shells=40
re-running think with stopAt=12...
re-run done: 13 entries (wanted stop at 12)
after re-run stop: goal=capture_base sub=nil
capture done, json=ok

=== captureAt entry=13 ===
_last_info override: OK
after restore: goal=explore sub=nil
info for re-run: tick=nil tankx=40064 tanky=25728 armour=40 shells=40
re-running think with stopAt=13...
re-run done: 14 entries (wanted stop at 13)
after re-run stop: goal=capture_base sub=nil
capture done, json=ok

=== captureAt entry=12 ===
_last_info override: OK
after restore: goal=explore sub=nil
info for re-run: tick=nil tankx=27830 tanky=25586 armour=40 shells=40
re-running think with stopAt=12...
re-run done: 13 entries (wanted stop at 12)
after re-run stop: goal=explore sub=nil
capture done, json=ok

=== captureAt entry=13 ===
_last_info override: OK
after restore: goal=explore sub=nil
info for re-run: tick=nil tankx=27830 tanky=25586 armour=40 shells=40
re-running think with stopAt=13...
re-run done: 14 entries (wanted stop at 13)
after re-run stop: goal=explore sub=nil
capture done, json=ok

=== captureAt entry=394273 ===
_last_info override: OK
after restore: goal=explore sub=nil
info for re-run: tick=nil tankx=27830 tanky=25586 armour=40 shells=40
re-running think with stopAt=394273...
re-run done: 62755 entries (wanted stop at 394273)
after re-run stop: goal=capture_base sub=nil
capture done, json=ok

=== captureAt entry=394274 ===
_last_info override: OK
after restore: goal=explore sub=nil
info for re-run: tick=nil tankx=27830 tanky=25586 armour=40 shells=40
re-running think with stopAt=394274...
re-run done: 62755 entries (wanted stop at 394274)
after re-run stop: goal=capture_base sub=nil
capture done, json=ok

=== captureAt entry=399872 ===
_last_info override: OK
after restore: goal=capture_base sub=nil
info for re-run: tick=nil tankx=22997 tanky=26886 armour=40 shells=40
re-running think with stopAt=399872...
re-run done: 76629 entries (wanted stop at 399872)
after re-run stop: goal=attack_pill sub=plan_position
capture done, json=ok

=== captureAt entry=399873 ===
_last_info override: OK
after restore: goal=capture_base sub=nil
info for re-run: tick=nil tankx=22997 tanky=26886 armour=40 shells=40
re-running think with stopAt=399873...
re-run done: 76629 entries (wanted stop at 399873)
after re-run stop: goal=attack_pill sub=plan_position
capture done, json=ok

=== captureAt entry=399871 ===
_last_info override: OK
after restore: goal=capture_base sub=nil
info for re-run: tick=nil tankx=22997 tanky=26886 armour=40 shells=40
re-running think with stopAt=399871...
re-run done: 76629 entries (wanted stop at 399871)
after re-run stop: goal=attack_pill sub=plan_position
capture done, json=ok

=== captureAt entry=399870 ===
_last_info override: OK
after restore: goal=capture_base sub=nil
info for re-run: tick=nil tankx=22997 tanky=26886 armour=40 shells=40
re-running think with stopAt=399870...
re-run done: 76629 entries (wanted stop at 399870)
after re-run stop: goal=attack_pill sub=plan_position
capture done, json=ok

=== captureAt entry=399869 ===
_last_info override: OK
after restore: goal=capture_base sub=nil
info for re-run: tick=nil tankx=22997 tanky=26886 armour=40 shells=40
re-running think with stopAt=399869...
re-run done: 76629 entries (wanted stop at 399869)
after re-run stop: goal=attack_pill sub=plan_position
capture done, json=ok

=== captureAt entry=399868 ===
_last_info override: OK
after restore: goal=capture_base sub=nil
info for re-run: tick=nil tankx=22997 tanky=26886 armour=40 shells=40
re-running think with stopAt=399868...
re-run done: 76629 entries (wanted stop at 399868)
after re-run stop: goal=attack_pill sub=plan_position
capture done, json=ok

=== captureAt entry=399867 ===
_last_info override: OK
after restore: goal=capture_base sub=nil
info for re-run: tick=nil tankx=22997 tanky=26886 armour=40 shells=40
re-running think with stopAt=399867...
re-run done: 76629 entries (wanted stop at 399867)
after re-run stop: goal=attack_pill sub=plan_position
capture done, json=ok

=== captureAt entry=399866 ===
_last_info override: OK
after restore: goal=capture_base sub=nil
info for re-run: tick=nil tankx=22997 tanky=26886 armour=40 shells=40
re-running think with stopAt=399866...
re-run done: 76629 entries (wanted stop at 399866)
after re-run stop: goal=attack_pill sub=plan_position
capture done, json=ok

=== captureAt entry=399865 ===
_last_info override: OK
after restore: goal=capture_base sub=nil
info for re-run: tick=nil tankx=22997 tanky=26886 armour=40 shells=40
re-running think with stopAt=399865...
re-run done: 76629 entries (wanted stop at 399865)
after re-run stop: goal=attack_pill sub=plan_position
capture done, json=ok

=== captureAt entry=399864 ===
_last_info override: OK
after restore: goal=capture_base sub=nil
info for re-run: tick=nil tankx=22997 tanky=26886 armour=40 shells=40
re-running think with stopAt=399864...
re-run done: 76629 entries (wanted stop at 399864)
after re-run stop: goal=attack_pill sub=plan_position
capture done, json=ok

=== captureAt entry=399863 ===
_last_info override: OK
after restore: goal=capture_base sub=nil
info for re-run: tick=nil tankx=22997 tanky=26886 armour=40 shells=40
re-running think with stopAt=399863...
re-run done: 76629 entries (wanted stop at 399863)
after re-run stop: goal=attack_pill sub=plan_position
capture done, json=ok

=== captureAt entry=399862 ===
_last_info override: OK
after restore: goal=capture_base sub=nil
info for re-run: tick=nil tankx=22997 tanky=26886 armour=40 shells=40
re-running think with stopAt=399862...
re-run done: 76629 entries (wanted stop at 399862)
after re-run stop: goal=attack_pill sub=plan_position
capture done, json=ok

=== captureAt entry=399861 ===
_last_info override: OK
after restore: goal=capture_base sub=nil
info for re-run: tick=nil tankx=22997 tanky=26886 armour=40 shells=40
re-running think with stopAt=399861...
re-run done: 76629 entries (wanted stop at 399861)
after re-run stop: goal=attack_pill sub=plan_position
capture done, json=ok

=== captureAt entry=399794 ===
_last_info override: OK
after restore: goal=capture_base sub=nil
info for re-run: tick=nil tankx=22997 tanky=26886 armour=40 shells=40
re-running think with stopAt=399794...
re-run done: 76629 entries (wanted stop at 399794)
after re-run stop: goal=attack_pill sub=plan_position
capture done, json=ok

=== captureAt entry=399795 ===
_last_info override: OK
after restore: goal=capture_base sub=nil
info for re-run: tick=nil tankx=22997 tanky=26886 armour=40 shells=40
re-running think with stopAt=399795...
re-run done: 76629 entries (wanted stop at 399795)
after re-run stop: goal=attack_pill sub=plan_position
capture done, json=ok

=== captureAt entry=399853 ===
_last_info override: OK
after restore: goal=capture_base sub=nil
info for re-run: tick=nil tankx=22997 tanky=26886 armour=40 shells=40
re-running think with stopAt=399853...
re-run done: 76629 entries (wanted stop at 399853)
after re-run stop: goal=attack_pill sub=plan_position
capture done, json=ok

=== captureAt entry=399854 ===
_last_info override: OK
after restore: goal=capture_base sub=nil
info for re-run: tick=nil tankx=22997 tanky=26886 armour=40 shells=40
re-running think with stopAt=399854...
re-run done: 76629 entries (wanted stop at 399854)
after re-run stop: goal=attack_pill sub=plan_position
capture done, json=ok

=== captureAt entry=399842 ===
_last_info override: OK
after restore: goal=capture_base sub=nil
info for re-run: tick=nil tankx=22997 tanky=26886 armour=40 shells=40
re-running think with stopAt=399842...
re-run done: 76629 entries (wanted stop at 399842)
after re-run stop: goal=attack_pill sub=plan_position
capture done, json=ok

=== captureAt entry=399843 ===
_last_info override: OK
after restore: goal=capture_base sub=nil
info for re-run: tick=nil tankx=22997 tanky=26886 armour=40 shells=40
re-running think with stopAt=399843...
re-run done: 76629 entries (wanted stop at 399843)
after re-run stop: goal=attack_pill sub=plan_position
capture done, json=ok

=== captureAt entry=391994 ===
_last_info override: OK
after restore: goal=capture_base sub=nil
info for re-run: tick=nil tankx=22997 tanky=26886 armour=40 shells=40
re-running think with stopAt=391994...
re-run done: 76629 entries (wanted stop at 391994)
after re-run stop: goal=attack_pill sub=plan_position
capture done, json=ok

=== captureAt entry=391995 ===
_last_info override: OK
after restore: goal=capture_base sub=nil
info for re-run: tick=nil tankx=22997 tanky=26886 armour=40 shells=40
re-running think with stopAt=391995...
re-run done: 76629 entries (wanted stop at 391995)
after re-run stop: goal=attack_pill sub=plan_position
capture done, json=ok

=== captureAt entry=392383 ===
_last_info override: OK
after restore: goal=capture_base sub=nil
info for re-run: tick=nil tankx=22997 tanky=26886 armour=40 shells=40
re-running think with stopAt=392383...
re-run done: 76629 entries (wanted stop at 392383)
after re-run stop: goal=attack_pill sub=plan_position
capture done, json=ok

=== captureAt entry=392384 ===
_last_info override: OK
after restore: goal=capture_base sub=nil
info for re-run: tick=nil tankx=22997 tanky=26886 armour=40 shells=40
re-running think with stopAt=392384...
re-run done: 76629 entries (wanted stop at 392384)
after re-run stop: goal=attack_pill sub=plan_position
capture done, json=ok

=== captureAt entry=392382 ===
_last_info override: OK
after restore: goal=capture_base sub=nil
info for re-run: tick=nil tankx=22997 tanky=26886 armour=40 shells=40
re-running think with stopAt=392382...
re-run done: 76629 entries (wanted stop at 392382)
after re-run stop: goal=attack_pill sub=plan_position
capture done, json=ok

=== captureAt entry=392380 ===
_last_info override: OK
after restore: goal=capture_base sub=nil
info for re-run: tick=nil tankx=22997 tanky=26886 armour=40 shells=40
re-running think with stopAt=392380...
re-run done: 76629 entries (wanted stop at 392380)
after re-run stop: goal=attack_pill sub=plan_position
capture done, json=ok

=== captureAt entry=392381 ===
_last_info override: OK
after restore: goal=capture_base sub=nil
info for re-run: tick=nil tankx=22997 tanky=26886 armour=40 shells=40
re-running think with stopAt=392381...
re-run done: 76629 entries (wanted stop at 392381)
after re-run stop: goal=attack_pill sub=plan_position
capture done, json=ok

=== captureAt entry=392375 ===
_last_info override: OK
after restore: goal=capture_base sub=nil
info for re-run: tick=nil tankx=22997 tanky=26886 armour=40 shells=40
re-running think with stopAt=392375...
re-run done: 76629 entries (wanted stop at 392375)
after re-run stop: goal=attack_pill sub=plan_position
capture done, json=ok

=== captureAt entry=392376 ===
_last_info override: OK
after restore: goal=capture_base sub=nil
info for re-run: tick=nil tankx=22997 tanky=26886 armour=40 shells=40
re-running think with stopAt=392376...
re-run done: 76629 entries (wanted stop at 392376)
after re-run stop: goal=attack_pill sub=plan_position
capture done, json=ok

=== captureAt entry=392369 ===
_last_info override: OK
after restore: goal=capture_base sub=nil
info for re-run: tick=nil tankx=22997 tanky=26886 armour=40 shells=40
re-running think with stopAt=392369...
re-run done: 76629 entries (wanted stop at 392369)
after re-run stop: goal=attack_pill sub=plan_position
capture done, json=ok

=== captureAt entry=392370 ===
_last_info override: OK
after restore: goal=capture_base sub=nil
info for re-run: tick=nil tankx=22997 tanky=26886 armour=40 shells=40
re-running think with stopAt=392370...
re-run done: 76629 entries (wanted stop at 392370)
after re-run stop: goal=attack_pill sub=plan_position
capture done, json=ok

=== captureAt entry=401375 ===
_last_info override: OK
after restore: goal=capture_base sub=nil
info for re-run: tick=nil tankx=22997 tanky=26886 armour=40 shells=40
re-running think with stopAt=401375...
re-run done: 76629 entries (wanted stop at 401375)
after re-run stop: goal=attack_pill sub=plan_position
capture done, json=ok

=== captureAt entry=401376 ===
_last_info override: OK
after restore: goal=capture_base sub=nil
info for re-run: tick=nil tankx=22997 tanky=26886 armour=40 shells=40
re-running think with stopAt=401376...
re-run done: 76629 entries (wanted stop at 401376)
after re-run stop: goal=attack_pill sub=plan_position
capture done, json=ok

=== captureAt entry=401379 ===
_last_info override: OK
after restore: goal=capture_base sub=nil
info for re-run: tick=nil tankx=22997 tanky=26886 armour=40 shells=40
re-running think with stopAt=401379...
re-run done: 76629 entries (wanted stop at 401379)
after re-run stop: goal=attack_pill sub=plan_position
capture done, json=ok

=== captureAt entry=401380 ===
_last_info override: OK
after restore: goal=capture_base sub=nil
info for re-run: tick=nil tankx=22997 tanky=26886 armour=40 shells=40
re-running think with stopAt=401380...
re-run done: 76629 entries (wanted stop at 401380)
after re-run stop: goal=attack_pill sub=plan_position
capture done, json=ok

=== captureAt entry=401383 ===
_last_info override: OK
after restore: goal=capture_base sub=nil
info for re-run: tick=nil tankx=22997 tanky=26886 armour=40 shells=40
re-running think with stopAt=401383...
re-run done: 76629 entries (wanted stop at 401383)
after re-run stop: goal=attack_pill sub=plan_position
capture done, json=ok

=== captureAt entry=401384 ===
_last_info override: OK
after restore: goal=capture_base sub=nil
info for re-run: tick=nil tankx=22997 tanky=26886 armour=40 shells=40
re-running think with stopAt=401384...
re-run done: 76629 entries (wanted stop at 401384)
after re-run stop: goal=attack_pill sub=plan_position
capture done, json=ok

=== captureAt entry=401387 ===
_last_info override: OK
after restore: goal=capture_base sub=nil
info for re-run: tick=nil tankx=22997 tanky=26886 armour=40 shells=40
re-running think with stopAt=401387...
re-run done: 76629 entries (wanted stop at 401387)
after re-run stop: goal=attack_pill sub=plan_position
capture done, json=ok

=== captureAt entry=401388 ===
_last_info override: OK
after restore: goal=capture_base sub=nil
info for re-run: tick=nil tankx=22997 tanky=26886 armour=40 shells=40
re-running think with stopAt=401388...
re-run done: 76629 entries (wanted stop at 401388)
after re-run stop: goal=attack_pill sub=plan_position
capture done, json=ok

=== captureAt entry=401312 ===
_last_info override: OK
after restore: goal=capture_base sub=nil
info for re-run: tick=nil tankx=22997 tanky=26886 armour=40 shells=40
re-running think with stopAt=401312...
re-run done: 76629 entries (wanted stop at 401312)
after re-run stop: goal=attack_pill sub=plan_position
capture done, json=ok

=== captureAt entry=401313 ===
_last_info override: OK
after restore: goal=capture_base sub=nil
info for re-run: tick=nil tankx=22997 tanky=26886 armour=40 shells=40
re-running think with stopAt=401313...
re-run done: 76629 entries (wanted stop at 401313)
after re-run stop: goal=attack_pill sub=plan_position
capture done, json=ok

=== captureAt entry=401303 ===
_last_info override: OK
after restore: goal=capture_base sub=nil
info for re-run: tick=nil tankx=22997 tanky=26886 armour=40 shells=40
re-running think with stopAt=401303...
re-run done: 76629 entries (wanted stop at 401303)
after re-run stop: goal=attack_pill sub=plan_position
capture done, json=ok

=== captureAt entry=401304 ===
_last_info override: OK
after restore: goal=capture_base sub=nil
info for re-run: tick=nil tankx=22997 tanky=26886 armour=40 shells=40
re-running think with stopAt=401304...
re-run done: 76629 entries (wanted stop at 401304)
after re-run stop: goal=attack_pill sub=plan_position
capture done, json=ok

=== captureAt entry=401296 ===
_last_info override: OK
after restore: goal=capture_base sub=nil
info for re-run: tick=nil tankx=22997 tanky=26886 armour=40 shells=40
re-running think with stopAt=401296...
re-run done: 76629 entries (wanted stop at 401296)
after re-run stop: goal=attack_pill sub=plan_position
capture done, json=ok

=== captureAt entry=401297 ===
_last_info override: OK
after restore: goal=capture_base sub=nil
info for re-run: tick=nil tankx=22997 tanky=26886 armour=40 shells=40
re-running think with stopAt=401297...
re-run done: 76629 entries (wanted stop at 401297)
after re-run stop: goal=attack_pill sub=plan_position
capture done, json=ok

=== captureAt entry=45969 ===
_last_info override: OK
after restore: goal=capture_base sub=nil
info for re-run: tick=nil tankx=22997 tanky=26886 armour=40 shells=40
re-running think with stopAt=45969...
re-run done: 45970 entries (wanted stop at 45969)
after re-run stop: goal=capture_base sub=nil
capture done, json=ok

=== captureAt entry=45970 ===
_last_info override: OK
after restore: goal=capture_base sub=nil
info for re-run: tick=nil tankx=22997 tanky=26886 armour=40 shells=40
re-running think with stopAt=45970...
re-run done: 45971 entries (wanted stop at 45970)
after re-run stop: goal=capture_base sub=nil
capture done, json=ok

=== captureAt entry=45974 ===
_last_info override: OK
after restore: goal=capture_base sub=nil
info for re-run: tick=nil tankx=22997 tanky=26886 armour=40 shells=40
re-running think with stopAt=45974...
re-run done: 45975 entries (wanted stop at 45974)
after re-run stop: goal=capture_base sub=nil
capture done, json=ok

=== captureAt entry=45975 ===
_last_info override: OK
after restore: goal=capture_base sub=nil
info for re-run: tick=nil tankx=22997 tanky=26886 armour=40 shells=40
re-running think with stopAt=45975...
re-run done: 45976 entries (wanted stop at 45975)
after re-run stop: goal=capture_base sub=nil
capture done, json=ok

=== captureAt entry=45971 ===
_last_info override: OK
after restore: goal=capture_base sub=nil
info for re-run: tick=nil tankx=22997 tanky=26886 armour=40 shells=40
re-running think with stopAt=45971...
re-run done: 45972 entries (wanted stop at 45971)
after re-run stop: goal=capture_base sub=nil
capture done, json=ok

=== captureAt entry=346644 ===
_last_info override: OK
after restore: goal=capture_base sub=nil
info for re-run: tick=nil tankx=22997 tanky=26886 armour=40 shells=40
re-running think with stopAt=346644...
re-run done: 76629 entries (wanted stop at 346644)
after re-run stop: goal=attack_pill sub=plan_position
capture done, json=ok

=== captureAt entry=346645 ===
_last_info override: OK
after restore: goal=capture_base sub=nil
info for re-run: tick=nil tankx=22997 tanky=26886 armour=40 shells=40
re-running think with stopAt=346645...
re-run done: 76629 entries (wanted stop at 346645)
after re-run stop: goal=attack_pill sub=plan_position
capture done, json=ok

=== captureAt entry=346722 ===
_last_info override: OK
after restore: goal=capture_base sub=nil
info for re-run: tick=nil tankx=22997 tanky=26886 armour=40 shells=40
re-running think with stopAt=346722...
re-run done: 76629 entries (wanted stop at 346722)
after re-run stop: goal=attack_pill sub=plan_position
capture done, json=ok

=== captureAt entry=346723 ===
_last_info override: OK
after restore: goal=capture_base sub=nil
info for re-run: tick=nil tankx=22997 tanky=26886 armour=40 shells=40
re-running think with stopAt=346723...
re-run done: 76629 entries (wanted stop at 346723)
after re-run stop: goal=attack_pill sub=plan_position
capture done, json=ok

=== captureAt entry=346721 ===
_last_info override: OK
after restore: goal=capture_base sub=nil
info for re-run: tick=nil tankx=22997 tanky=26886 armour=40 shells=40
re-running think with stopAt=346721...
re-run done: 76632 entries (wanted stop at 346721)
after re-run stop: goal=attack_pill sub=plan_position
capture done, json=ok

=== captureAt entry=346727 ===
_last_info override: OK
after restore: goal=capture_base sub=nil
info for re-run: tick=nil tankx=22997 tanky=26886 armour=40 shells=40
re-running think with stopAt=346727...
re-run done: 76629 entries (wanted stop at 346727)
after re-run stop: goal=attack_pill sub=plan_position
capture done, json=ok

=== captureAt entry=337160 ===
_last_info override: OK
after restore: goal=capture_base sub=nil
info for re-run: tick=nil tankx=22997 tanky=26886 armour=40 shells=40
re-running think with stopAt=337160...
re-run done: 76629 entries (wanted stop at 337160)
after re-run stop: goal=attack_pill sub=plan_position
capture done, json=ok

=== captureAt entry=337165 ===
_last_info override: OK
after restore: goal=capture_base sub=nil
info for re-run: tick=nil tankx=22997 tanky=26886 armour=40 shells=40
re-running think with stopAt=337165...
re-run done: 76629 entries (wanted stop at 337165)
after re-run stop: goal=attack_pill sub=plan_position
capture done, json=ok

=== captureAt entry=337159 ===
_last_info override: OK
after restore: goal=capture_base sub=nil
info for re-run: tick=nil tankx=22997 tanky=26886 armour=40 shells=40
re-running think with stopAt=337159...
re-run done: 76629 entries (wanted stop at 337159)
after re-run stop: goal=attack_pill sub=plan_position
capture done, json=ok

=== captureAt entry=408035 ===
_last_info override: OK
after restore: goal=capture_base sub=nil
info for re-run: tick=nil tankx=22997 tanky=26886 armour=40 shells=40
re-running think with stopAt=408035...
re-run done: 76629 entries (wanted stop at 408035)
after re-run stop: goal=attack_pill sub=plan_position
capture done, json=ok

=== captureAt entry=408036 ===
_last_info override: OK
after restore: goal=capture_base sub=nil
info for re-run: tick=nil tankx=22997 tanky=26886 armour=40 shells=40
re-running think with stopAt=408036...
re-run done: 76629 entries (wanted stop at 408036)
after re-run stop: goal=attack_pill sub=plan_position
capture done, json=ok

=== captureAt entry=333016 ===
_last_info override: OK
after restore: goal=capture_base sub=nil
info for re-run: tick=nil tankx=22997 tanky=26886 armour=40 shells=40
re-running think with stopAt=333016...
re-run done: 76629 entries (wanted stop at 333016)
after re-run stop: goal=attack_pill sub=plan_position
capture done, json=ok

=== captureAt entry=333017 ===
_last_info override: OK
after restore: goal=capture_base sub=nil
info for re-run: tick=nil tankx=22997 tanky=26886 armour=40 shells=40
re-running think with stopAt=333017...
re-run done: 76629 entries (wanted stop at 333017)
after re-run stop: goal=attack_pill sub=plan_position
capture done, json=ok

=== captureAt entry=391434 ===
_last_info override: OK
after restore: goal=capture_base sub=nil
info for re-run: tick=nil tankx=22997 tanky=26886 armour=40 shells=40
re-running think with stopAt=391434...
re-run done: 76629 entries (wanted stop at 391434)
after re-run stop: goal=attack_pill sub=plan_position
capture done, json=ok

=== captureAt entry=391435 ===
_last_info override: OK
after restore: goal=capture_base sub=nil
info for re-run: tick=nil tankx=22997 tanky=26886 armour=40 shells=40
re-running think with stopAt=391435...
re-run done: 76629 entries (wanted stop at 391435)
after re-run stop: goal=attack_pill sub=plan_position
capture done, json=ok

=== captureAt entry=391463 ===
_last_info override: OK
after restore: goal=capture_base sub=nil
info for re-run: tick=nil tankx=22997 tanky=26886 armour=40 shells=40
re-running think with stopAt=391463...
re-run done: 76629 entries (wanted stop at 391463)
after re-run stop: goal=attack_pill sub=plan_position
capture done, json=ok

=== captureAt entry=391464 ===
_last_info override: OK
after restore: goal=capture_base sub=nil
info for re-run: tick=nil tankx=22997 tanky=26886 armour=40 shells=40
re-running think with stopAt=391464...
re-run done: 76629 entries (wanted stop at 391464)
after re-run stop: goal=attack_pill sub=plan_position
capture done, json=ok

=== captureAt entry=391492 ===
_last_info override: OK
after restore: goal=capture_base sub=nil
info for re-run: tick=nil tankx=22997 tanky=26886 armour=40 shells=40
re-running think with stopAt=391492...
re-run done: 76629 entries (wanted stop at 391492)
after re-run stop: goal=attack_pill sub=plan_position
capture done, json=ok

=== captureAt entry=391493 ===
_last_info override: OK
after restore: goal=capture_base sub=nil
info for re-run: tick=nil tankx=22997 tanky=26886 armour=40 shells=40
re-running think with stopAt=391493...
re-run done: 76629 entries (wanted stop at 391493)
after re-run stop: goal=attack_pill sub=plan_position
capture done, json=ok

=== captureAt entry=391525 ===
_last_info override: OK
after restore: goal=capture_base sub=nil
info for re-run: tick=nil tankx=22997 tanky=26886 armour=40 shells=40
re-running think with stopAt=391525...
re-run done: 76629 entries (wanted stop at 391525)
after re-run stop: goal=attack_pill sub=plan_position
capture done, json=ok

=== captureAt entry=391526 ===
_last_info override: OK
after restore: goal=capture_base sub=nil
info for re-run: tick=nil tankx=22997 tanky=26886 armour=40 shells=40
re-running think with stopAt=391526...
re-run done: 76629 entries (wanted stop at 391526)
after re-run stop: goal=attack_pill sub=plan_position
capture done, json=ok

=== captureAt entry=392798 ===
_last_info override: OK
after restore: goal=capture_base sub=nil
info for re-run: tick=nil tankx=22997 tanky=26886 armour=40 shells=40
re-running think with stopAt=392798...
re-run done: 76629 entries (wanted stop at 392798)
after re-run stop: goal=attack_pill sub=plan_position
capture done, json=ok

=== captureAt entry=392799 ===
_last_info override: OK
after restore: goal=capture_base sub=nil
info for re-run: tick=nil tankx=22997 tanky=26886 armour=40 shells=40
re-running think with stopAt=392799...
re-run done: 76629 entries (wanted stop at 392799)
after re-run stop: goal=attack_pill sub=plan_position
capture done, json=ok

=== captureAt entry=392251 ===
_last_info override: OK
after restore: goal=capture_base sub=nil
info for re-run: tick=nil tankx=22997 tanky=26886 armour=40 shells=40
re-running think with stopAt=392251...
re-run done: 76629 entries (wanted stop at 392251)
after re-run stop: goal=attack_pill sub=plan_position
capture done, json=ok

=== captureAt entry=392256 ===
_last_info override: OK
after restore: goal=capture_base sub=nil
info for re-run: tick=nil tankx=22997 tanky=26886 armour=40 shells=40
re-running think with stopAt=392256...
re-run done: 76629 entries (wanted stop at 392256)
after re-run stop: goal=attack_pill sub=plan_position
capture done, json=ok

=== captureAt entry=391635 ===
_last_info override: OK
after restore: goal=capture_base sub=nil
info for re-run: tick=nil tankx=22997 tanky=26886 armour=40 shells=40
re-running think with stopAt=391635...
re-run done: 76629 entries (wanted stop at 391635)
after re-run stop: goal=attack_pill sub=plan_position
capture done, json=ok

=== captureAt entry=391636 ===
_last_info override: OK
after restore: goal=capture_base sub=nil
info for re-run: tick=nil tankx=22997 tanky=26886 armour=40 shells=40
re-running think with stopAt=391636...
re-run done: 76629 entries (wanted stop at 391636)
after re-run stop: goal=attack_pill sub=plan_position
capture done, json=ok

=== captureAt entry=391548 ===
_last_info override: OK
after restore: goal=capture_base sub=nil
info for re-run: tick=nil tankx=22997 tanky=26886 armour=40 shells=40
re-running think with stopAt=391548...
re-run done: 76629 entries (wanted stop at 391548)
after re-run stop: goal=attack_pill sub=plan_position
capture done, json=ok

=== captureAt entry=391549 ===
_last_info override: OK
after restore: goal=capture_base sub=nil
info for re-run: tick=nil tankx=22997 tanky=26886 armour=40 shells=40
re-running think with stopAt=391549...
re-run done: 76629 entries (wanted stop at 391549)
after re-run stop: goal=attack_pill sub=plan_position
capture done, json=ok

=== captureAt entry=391433 ===
_last_info override: OK
after restore: goal=capture_base sub=nil
info for re-run: tick=nil tankx=22997 tanky=26886 armour=40 shells=40
re-running think with stopAt=391433...
re-run done: 76629 entries (wanted stop at 391433)
after re-run stop: goal=attack_pill sub=plan_position
capture done, json=ok
